2026-09-14 13:58:21 | INFO    | apexnet | logging configured (level=INFO, dir=/home/user/Downloads/2430010326 (2)/logs)
2026-09-14 13:58:21 | INFO    | apexnet.train | loading real F1 race-results dataset (f1db, 2014+)...
2026-09-14 13:58:21 | INFO    | apexnet.real_data | building real-data tables from /home/user/Downloads/2430010326 (2)/data (min_year=2014)
2026-09-14 13:58:21 | INFO    | apexnet.real_data | loaded race_results.csv (5394 rows)
2026-09-14 13:58:21 | INFO    | apexnet.real_data | loaded qualifying_results.csv (5380 rows)
2026-09-14 13:58:21 | INFO    | apexnet.real_data | loaded pit_stops.csv (9557 rows)
2026-09-14 13:58:21 | INFO    | apexnet.real_data | loaded races.csv (275 rows)
2026-09-14 13:58:21 | INFO    | apexnet.real_data | loaded drivers.csv (917 rows)
2026-09-14 13:58:21 | INFO    | apexnet.real_data | loaded constructors.csv (187 rows)
2026-09-14 13:58:21 | INFO    | apexnet.real_data | loaded circuits.csv (78 rows)
2026-09-14 13:58:22 | INFO    | apexnet.real_data | built 265 race records from real results (min_year=2014)
2026-09-14 13:58:22 | INFO    | apexnet.real_data | RealOvertakeDataset[train]: 159 races (of 265 total, val_frac=0.20, test_frac=0.20)
2026-09-14 13:58:22 | INFO    | apexnet.real_data | built 265 race records from real results (min_year=2014)
2026-09-14 13:58:22 | INFO    | apexnet.real_data | RealOvertakeDataset[val]: 53 races (of 265 total, val_frac=0.20, test_frac=0.20)
2026-09-14 13:58:23 | INFO    | apexnet.real_data | built 265 race records from real results (min_year=2014)
2026-09-14 13:58:23 | INFO    | apexnet.real_data | RealOvertakeDataset[test]: 53 races (of 265 total, val_frac=0.20, test_frac=0.20)
2026-09-14 13:58:23 | INFO    | apexnet.train | train races=159 val races=53 test races=53
2026-09-14 13:58:23 | INFO    | apexnet.train | wrote dataset distribution to /home/user/Downloads/2430010326 (2)/results/dataset_distribution.json
2026-09-14 13:58:23 | INFO    | apexnet.train | training cnn...
2026-09-14 13:58:24 | INFO    | apexnet.train | cnn      epoch 01 loss=0.6410 acc=0.655 f1=0.496 auc=0.724 (n_eval_pairs=993)
2026-09-14 13:58:25 | INFO    | apexnet.train | cnn      epoch 02 loss=0.5432 acc=0.693 f1=0.583 auc=0.766 (n_eval_pairs=993)
2026-09-14 13:58:25 | INFO    | apexnet.train | cnn      epoch 03 loss=0.5114 acc=0.731 f1=0.645 auc=0.813 (n_eval_pairs=993)
2026-09-14 13:58:25 | INFO    | apexnet.train | cnn      epoch 04 loss=0.5083 acc=0.723 f1=0.618 auc=0.807 (n_eval_pairs=993)
2026-09-14 13:58:25 | INFO    | apexnet.train | cnn      epoch 05 loss=0.4992 acc=0.725 f1=0.626 auc=0.808 (n_eval_pairs=993)
2026-09-14 13:58:26 | INFO    | apexnet.train | cnn      epoch 06 loss=0.4925 acc=0.744 f1=0.665 auc=0.831 (n_eval_pairs=993)
2026-09-14 13:58:26 | INFO    | apexnet.train | cnn      epoch 07 loss=0.4891 acc=0.728 f1=0.630 auc=0.816 (n_eval_pairs=993)
2026-09-14 13:58:26 | INFO    | apexnet.train | cnn      epoch 08 loss=0.4847 acc=0.737 f1=0.641 auc=0.818 (n_eval_pairs=993)
2026-09-14 13:58:27 | INFO    | apexnet.train | cnn      epoch 09 loss=0.4799 acc=0.739 f1=0.651 auc=0.825 (n_eval_pairs=993)
2026-09-14 13:58:27 | INFO    | apexnet.train | cnn      epoch 10 loss=0.4788 acc=0.741 f1=0.667 auc=0.826 (n_eval_pairs=993)
2026-09-14 13:58:27 | INFO    | apexnet.train | training gat...
2026-09-14 13:58:28 | INFO    | apexnet.train | gat      epoch 01 loss=0.6606 acc=0.641 f1=0.580 auc=0.693 (n_eval_pairs=993)
2026-09-14 13:58:28 | INFO    | apexnet.train | gat      epoch 02 loss=0.6210 acc=0.669 f1=0.537 auc=0.729 (n_eval_pairs=993)
2026-09-14 13:58:28 | INFO    | apexnet.train | gat      epoch 03 loss=0.5894 acc=0.690 f1=0.580 auc=0.763 (n_eval_pairs=993)
2026-09-14 13:58:29 | INFO    | apexnet.train | gat      epoch 04 loss=0.5612 acc=0.690 f1=0.516 auc=0.765 (n_eval_pairs=993)
2026-09-14 13:58:29 | INFO    | apexnet.train | gat      epoch 05 loss=0.5461 acc=0.699 f1=0.575 auc=0.776 (n_eval_pairs=993)
2026-09-14 13:58:29 | INFO    | apexnet.train | gat      epoch 06 loss=0.5286 acc=0.709 f1=0.612 auc=0.791 (n_eval_pairs=993)
2026-09-14 13:58:29 | INFO    | apexnet.train | gat      epoch 07 loss=0.5239 acc=0.728 f1=0.633 auc=0.801 (n_eval_pairs=993)
2026-09-14 13:58:30 | INFO    | apexnet.train | gat      epoch 08 loss=0.5204 acc=0.727 f1=0.627 auc=0.808 (n_eval_pairs=993)
2026-09-14 13:58:30 | INFO    | apexnet.train | gat      epoch 09 loss=0.5173 acc=0.723 f1=0.633 auc=0.801 (n_eval_pairs=993)
2026-09-14 13:58:30 | INFO    | apexnet.train | gat      epoch 10 loss=0.5144 acc=0.734 f1=0.644 auc=0.813 (n_eval_pairs=993)
2026-09-14 13:58:30 | INFO    | apexnet.train | training lstm...
2026-09-14 13:58:31 | INFO    | apexnet.train | lstm     epoch 01 loss=0.6855 acc=0.570 f1=0.000 auc=0.668 (n_eval_pairs=993)
2026-09-14 13:58:32 | INFO    | apexnet.train | lstm     epoch 02 loss=0.6765 acc=0.606 f1=0.170 auc=0.681 (n_eval_pairs=993)
2026-09-14 13:58:32 | INFO    | apexnet.train | lstm     epoch 03 loss=0.6379 acc=0.640 f1=0.477 auc=0.685 (n_eval_pairs=993)
2026-09-14 13:58:33 | INFO    | apexnet.train | lstm     epoch 04 loss=0.6201 acc=0.639 f1=0.519 auc=0.708 (n_eval_pairs=993)
2026-09-14 13:58:33 | INFO    | apexnet.train | lstm     epoch 05 loss=0.5917 acc=0.686 f1=0.561 auc=0.758 (n_eval_pairs=993)
2026-09-14 13:58:34 | INFO    | apexnet.train | lstm     epoch 06 loss=0.5717 acc=0.704 f1=0.566 auc=0.790 (n_eval_pairs=993)
2026-09-14 13:58:34 | INFO    | apexnet.train | lstm     epoch 07 loss=0.5756 acc=0.690 f1=0.557 auc=0.769 (n_eval_pairs=993)
2026-09-14 13:58:35 | INFO    | apexnet.train | lstm     epoch 08 loss=0.5544 acc=0.711 f1=0.603 auc=0.798 (n_eval_pairs=993)
2026-09-14 13:58:35 | INFO    | apexnet.train | lstm     epoch 09 loss=0.5504 acc=0.712 f1=0.588 auc=0.802 (n_eval_pairs=993)
2026-09-14 13:58:35 | INFO    | apexnet.train | lstm     epoch 10 loss=0.5387 acc=0.701 f1=0.586 auc=0.786 (n_eval_pairs=993)
2026-09-14 13:58:35 | INFO    | apexnet.train | training cnn_lstm...
2026-09-14 13:58:36 | INFO    | apexnet.train | cnn_lstm epoch 01 loss=0.6839 acc=0.570 f1=0.000 auc=0.683 (n_eval_pairs=993)
2026-09-14 13:58:36 | INFO    | apexnet.train | cnn_lstm epoch 02 loss=0.6593 acc=0.636 f1=0.539 auc=0.671 (n_eval_pairs=993)
2026-09-14 13:58:37 | INFO    | apexnet.train | cnn_lstm epoch 03 loss=0.6324 acc=0.624 f1=0.537 auc=0.676 (n_eval_pairs=993)
2026-09-14 13:58:37 | INFO    | apexnet.train | cnn_lstm epoch 04 loss=0.6158 acc=0.655 f1=0.533 auc=0.716 (n_eval_pairs=993)
2026-09-14 13:58:37 | INFO    | apexnet.train | cnn_lstm epoch 05 loss=0.5829 acc=0.689 f1=0.548 auc=0.773 (n_eval_pairs=993)
2026-09-14 13:58:38 | INFO    | apexnet.train | cnn_lstm epoch 06 loss=0.5669 acc=0.705 f1=0.631 auc=0.789 (n_eval_pairs=993)
2026-09-14 13:58:38 | INFO    | apexnet.train | cnn_lstm epoch 07 loss=0.5458 acc=0.714 f1=0.607 auc=0.799 (n_eval_pairs=993)
2026-09-14 13:58:39 | INFO    | apexnet.train | cnn_lstm epoch 08 loss=0.5354 acc=0.714 f1=0.621 auc=0.799 (n_eval_pairs=993)
2026-09-14 13:58:39 | INFO    | apexnet.train | cnn_lstm epoch 09 loss=0.5368 acc=0.721 f1=0.654 auc=0.799 (n_eval_pairs=993)
2026-09-14 13:58:40 | INFO    | apexnet.train | cnn_lstm epoch 10 loss=0.5311 acc=0.716 f1=0.631 auc=0.802 (n_eval_pairs=993)
2026-09-14 13:58:40 | INFO    | apexnet.train | training cnn_gat...
2026-09-14 13:58:41 | INFO    | apexnet.train | cnn_gat  epoch 01 loss=0.6466 acc=0.642 f1=0.387 auc=0.704 (n_eval_pairs=993)
2026-09-14 13:58:41 | INFO    | apexnet.train | cnn_gat  epoch 02 loss=0.5730 acc=0.707 f1=0.569 auc=0.781 (n_eval_pairs=993)
2026-09-14 13:58:42 | INFO    | apexnet.train | cnn_gat  epoch 03 loss=0.5349 acc=0.707 f1=0.575 auc=0.790 (n_eval_pairs=993)
2026-09-14 13:58:42 | INFO    | apexnet.train | cnn_gat  epoch 04 loss=0.5067 acc=0.724 f1=0.648 auc=0.808 (n_eval_pairs=993)
2026-09-14 13:58:43 | INFO    | apexnet.train | cnn_gat  epoch 05 loss=0.5018 acc=0.743 f1=0.658 auc=0.812 (n_eval_pairs=993)
2026-09-14 13:58:44 | INFO    | apexnet.train | cnn_gat  epoch 06 loss=0.4899 acc=0.750 f1=0.689 auc=0.813 (n_eval_pairs=993)
2026-09-14 13:58:44 | INFO    | apexnet.train | cnn_gat  epoch 07 loss=0.4836 acc=0.744 f1=0.661 auc=0.813 (n_eval_pairs=993)
2026-09-14 13:58:45 | INFO    | apexnet.train | cnn_gat  epoch 08 loss=0.4767 acc=0.738 f1=0.670 auc=0.821 (n_eval_pairs=993)
2026-09-14 13:58:46 | INFO    | apexnet.train | cnn_gat  epoch 09 loss=0.4786 acc=0.743 f1=0.661 auc=0.815 (n_eval_pairs=993)
2026-09-14 13:58:46 | INFO    | apexnet.train | cnn_gat  epoch 10 loss=0.4753 acc=0.734 f1=0.656 auc=0.807 (n_eval_pairs=993)
2026-09-14 13:58:46 | INFO    | apexnet.train | saved checkpoint to /home/user/Downloads/2430010326 (2)/checkpoints/cnn_gat.pt
2026-09-14 13:58:50 | INFO    | apexnet.train | wrote /home/user/Downloads/2430010326 (2)/results/metrics.json
2026-09-14 13:58:50 | INFO    | apexnet.train | === Held-out TEST comparison (real F1 data, race-level split, never used for tuning) ===
2026-09-14 13:58:50 | INFO    | apexnet.train | cnn        acc=0.723 prec=0.698 rec=0.594 spec=0.816 f1=0.642 auc=0.795 t=3.2s
2026-09-14 13:58:50 | INFO    | apexnet.train | gat        acc=0.723 prec=0.706 rec=0.577 spec=0.828 f1=0.635 auc=0.798 t=3.1s
2026-09-14 13:58:50 | INFO    | apexnet.train | lstm       acc=0.726 prec=0.754 rec=0.510 spec=0.881 f1=0.608 auc=0.779 t=5.0s
2026-09-14 13:58:50 | INFO    | apexnet.train | cnn_lstm   acc=0.705 prec=0.662 rec=0.599 spec=0.781 f1=0.629 auc=0.780 t=4.3s
2026-09-14 13:58:50 | INFO    | apexnet.train | cnn_gat    acc=0.713 prec=0.659 rec=0.649 spec=0.759 f1=0.654 auc=0.795 t=6.3s
2026-09-14 13:58:50 | INFO    | apexnet.train | === CO5 ablation: feature-group contribution for CNN+GAT ===
2026-09-14 13:58:51 | INFO    | apexnet.real_data | built 265 race records from real results (min_year=2014)
2026-09-14 13:58:51 | INFO    | apexnet.real_data | RealOvertakeDataset[train]: 159 races (of 265 total, val_frac=0.20, test_frac=0.20)
2026-09-14 13:58:52 | INFO    | apexnet.real_data | built 265 race records from real results (min_year=2014)
2026-09-14 13:58:52 | INFO    | apexnet.real_data | RealOvertakeDataset[val]: 53 races (of 265 total, val_frac=0.20, test_frac=0.20)
2026-09-14 13:58:52 | INFO    | apexnet.real_data | built 265 race records from real results (min_year=2014)
2026-09-14 13:58:52 | INFO    | apexnet.real_data | RealOvertakeDataset[test]: 53 races (of 265 total, val_frac=0.20, test_frac=0.20)
2026-09-14 13:58:53 | INFO    | apexnet.train | cnn_gat  epoch 01 loss=0.6438 acc=0.564 f1=0.065 auc=0.575 (n_eval_pairs=993)
2026-09-14 13:58:53 | INFO    | apexnet.train | cnn_gat  epoch 02 loss=0.5742 acc=0.636 f1=0.395 auc=0.689 (n_eval_pairs=993)
2026-09-14 13:58:54 | INFO    | apexnet.train | cnn_gat  epoch 03 loss=0.5389 acc=0.674 f1=0.460 auc=0.750 (n_eval_pairs=993)
2026-09-14 13:58:55 | INFO    | apexnet.train | cnn_gat  epoch 04 loss=0.5297 acc=0.675 f1=0.524 auc=0.744 (n_eval_pairs=993)
2026-09-14 13:58:55 | INFO    | apexnet.train | cnn_gat  epoch 05 loss=0.5228 acc=0.678 f1=0.534 auc=0.738 (n_eval_pairs=993)
2026-09-14 13:58:56 | INFO    | apexnet.train | cnn_gat  epoch 06 loss=0.5165 acc=0.666 f1=0.516 auc=0.746 (n_eval_pairs=993)
2026-09-14 13:58:57 | INFO    | apexnet.train | cnn_gat  epoch 07 loss=0.5103 acc=0.683 f1=0.552 auc=0.750 (n_eval_pairs=993)
2026-09-14 13:58:57 | INFO    | apexnet.train | cnn_gat  epoch 08 loss=0.5038 acc=0.678 f1=0.535 auc=0.751 (n_eval_pairs=993)
2026-09-14 13:58:58 | INFO    | apexnet.train | cnn_gat  epoch 09 loss=0.5044 acc=0.674 f1=0.526 auc=0.745 (n_eval_pairs=993)
2026-09-14 13:58:58 | INFO    | apexnet.train | cnn_gat  epoch 10 loss=0.5058 acc=0.687 f1=0.534 auc=0.738 (n_eval_pairs=993)
2026-09-14 13:58:58 | INFO    | apexnet.train | ablation[baseline_no_form_no_pace  ] test acc=0.704 f1=0.589 auc=0.769
2026-09-14 13:58:59 | INFO    | apexnet.real_data | built 265 race records from real results (min_year=2014)
2026-09-14 13:58:59 | INFO    | apexnet.real_data | RealOvertakeDataset[train]: 159 races (of 265 total, val_frac=0.20, test_frac=0.20)
2026-09-14 13:59:00 | INFO    | apexnet.real_data | built 265 race records from real results (min_year=2014)
2026-09-14 13:59:00 | INFO    | apexnet.real_data | RealOvertakeDataset[val]: 53 races (of 265 total, val_frac=0.20, test_frac=0.20)
2026-09-14 13:59:00 | INFO    | apexnet.real_data | built 265 race records from real results (min_year=2014)
2026-09-14 13:59:00 | INFO    | apexnet.real_data | RealOvertakeDataset[test]: 53 races (of 265 total, val_frac=0.20, test_frac=0.20)
2026-09-14 13:59:01 | INFO    | apexnet.train | cnn_gat  epoch 01 loss=0.6573 acc=0.609 f1=0.614 auc=0.694 (n_eval_pairs=993)
2026-09-14 13:59:02 | INFO    | apexnet.train | cnn_gat  epoch 02 loss=0.5889 acc=0.671 f1=0.590 auc=0.741 (n_eval_pairs=993)
2026-09-14 13:59:02 | INFO    | apexnet.train | cnn_gat  epoch 03 loss=0.5495 acc=0.671 f1=0.579 auc=0.755 (n_eval_pairs=993)
2026-09-14 13:59:03 | INFO    | apexnet.train | cnn_gat  epoch 04 loss=0.5401 acc=0.687 f1=0.591 auc=0.758 (n_eval_pairs=993)
2026-09-14 13:59:03 | INFO    | apexnet.train | cnn_gat  epoch 05 loss=0.5308 acc=0.691 f1=0.619 auc=0.776 (n_eval_pairs=993)
2026-09-14 13:59:04 | INFO    | apexnet.train | cnn_gat  epoch 06 loss=0.5277 acc=0.699 f1=0.599 auc=0.770 (n_eval_pairs=993)
2026-09-14 13:59:05 | INFO    | apexnet.train | cnn_gat  epoch 07 loss=0.5184 acc=0.692 f1=0.608 auc=0.760 (n_eval_pairs=993)
2026-09-14 13:59:05 | INFO    | apexnet.train | cnn_gat  epoch 08 loss=0.5226 acc=0.700 f1=0.637 auc=0.778 (n_eval_pairs=993)
2026-09-14 13:59:06 | INFO    | apexnet.train | cnn_gat  epoch 09 loss=0.5177 acc=0.698 f1=0.575 auc=0.766 (n_eval_pairs=993)
2026-09-14 13:59:07 | INFO    | apexnet.train | cnn_gat  epoch 10 loss=0.5119 acc=0.688 f1=0.571 auc=0.751 (n_eval_pairs=993)
2026-09-14 13:59:07 | INFO    | apexnet.train | ablation[minus_pit_stops           ] test acc=0.673 f1=0.600 auc=0.726
2026-09-14 13:59:07 | INFO    | apexnet.real_data | built 265 race records from real results (min_year=2014)
2026-09-14 13:59:07 | INFO    | apexnet.real_data | RealOvertakeDataset[train]: 159 races (of 265 total, val_frac=0.20, test_frac=0.20)
2026-09-14 13:59:08 | INFO    | apexnet.real_data | built 265 race records from real results (min_year=2014)
2026-09-14 13:59:08 | INFO    | apexnet.real_data | RealOvertakeDataset[val]: 53 races (of 265 total, val_frac=0.20, test_frac=0.20)
2026-09-14 13:59:09 | INFO    | apexnet.real_data | built 265 race records from real results (min_year=2014)
2026-09-14 13:59:09 | INFO    | apexnet.real_data | RealOvertakeDataset[test]: 53 races (of 265 total, val_frac=0.20, test_frac=0.20)
2026-09-14 13:59:09 | INFO    | apexnet.train | cnn_gat  epoch 01 loss=0.6430 acc=0.644 f1=0.452 auc=0.707 (n_eval_pairs=993)
2026-09-14 13:59:09 | INFO    | apexnet.train | cnn_gat  epoch 02 loss=0.5582 acc=0.703 f1=0.584 auc=0.782 (n_eval_pairs=993)
2026-09-14 13:59:09 | INFO    | apexnet.train | cnn_gat  epoch 03 loss=0.5217 acc=0.725 f1=0.608 auc=0.816 (n_eval_pairs=993)
2026-09-14 13:59:10 | INFO    | apexnet.train | cnn_gat  epoch 04 loss=0.5063 acc=0.727 f1=0.633 auc=0.794 (n_eval_pairs=993)
2026-09-14 13:59:10 | INFO    | apexnet.train | cnn_gat  epoch 05 loss=0.5052 acc=0.719 f1=0.609 auc=0.801 (n_eval_pairs=993)
2026-09-14 13:59:10 | INFO    | apexnet.train | cnn_gat  epoch 06 loss=0.4904 acc=0.750 f1=0.676 auc=0.825 (n_eval_pairs=993)
2026-09-14 13:59:11 | INFO    | apexnet.train | cnn_gat  epoch 07 loss=0.4892 acc=0.726 f1=0.642 auc=0.813 (n_eval_pairs=993)
2026-09-14 13:59:11 | INFO    | apexnet.train | cnn_gat  epoch 08 loss=0.4824 acc=0.718 f1=0.627 auc=0.804 (n_eval_pairs=993)
2026-09-14 13:59:11 | INFO    | apexnet.train | cnn_gat  epoch 09 loss=0.4758 acc=0.716 f1=0.623 auc=0.799 (n_eval_pairs=993)
2026-09-14 13:59:11 | INFO    | apexnet.train | cnn_gat  epoch 10 loss=0.4711 acc=0.754 f1=0.663 auc=0.810 (n_eval_pairs=993)
2026-09-14 13:59:12 | INFO    | apexnet.train | ablation[minus_quali_gap           ] test acc=0.721 f1=0.640 auc=0.804
2026-09-14 13:59:12 | INFO    | apexnet.real_data | built 265 race records from real results (min_year=2014)
2026-09-14 13:59:12 | INFO    | apexnet.real_data | RealOvertakeDataset[train]: 159 races (of 265 total, val_frac=0.20, test_frac=0.20)
2026-09-14 13:59:13 | INFO    | apexnet.real_data | built 265 race records from real results (min_year=2014)
2026-09-14 13:59:13 | INFO    | apexnet.real_data | RealOvertakeDataset[val]: 53 races (of 265 total, val_frac=0.20, test_frac=0.20)
2026-09-14 13:59:13 | INFO    | apexnet.real_data | built 265 race records from real results (min_year=2014)
2026-09-14 13:59:13 | INFO    | apexnet.real_data | RealOvertakeDataset[test]: 53 races (of 265 total, val_frac=0.20, test_frac=0.20)
2026-09-14 13:59:14 | INFO    | apexnet.train | cnn_gat  epoch 01 loss=0.6497 acc=0.616 f1=0.328 auc=0.694 (n_eval_pairs=993)
2026-09-14 13:59:14 | INFO    | apexnet.train | cnn_gat  epoch 02 loss=0.5753 acc=0.696 f1=0.587 auc=0.761 (n_eval_pairs=993)
2026-09-14 13:59:14 | INFO    | apexnet.train | cnn_gat  epoch 03 loss=0.5339 acc=0.720 f1=0.626 auc=0.789 (n_eval_pairs=993)
2026-09-14 13:59:15 | INFO    | apexnet.train | cnn_gat  epoch 04 loss=0.5124 acc=0.723 f1=0.631 auc=0.796 (n_eval_pairs=993)
2026-09-14 13:59:15 | INFO    | apexnet.train | cnn_gat  epoch 05 loss=0.5041 acc=0.724 f1=0.606 auc=0.795 (n_eval_pairs=993)
2026-09-14 13:59:16 | INFO    | apexnet.train | cnn_gat  epoch 06 loss=0.4893 acc=0.731 f1=0.657 auc=0.806 (n_eval_pairs=993)
2026-09-14 13:59:17 | INFO    | apexnet.train | cnn_gat  epoch 07 loss=0.4840 acc=0.723 f1=0.613 auc=0.805 (n_eval_pairs=993)
2026-09-14 13:59:17 | INFO    | apexnet.train | cnn_gat  epoch 08 loss=0.4794 acc=0.708 f1=0.618 auc=0.787 (n_eval_pairs=993)
2026-09-14 13:59:18 | INFO    | apexnet.train | cnn_gat  epoch 09 loss=0.4706 acc=0.717 f1=0.642 auc=0.806 (n_eval_pairs=993)
2026-09-14 13:59:18 | INFO    | apexnet.train | cnn_gat  epoch 10 loss=0.4734 acc=0.704 f1=0.611 auc=0.792 (n_eval_pairs=993)
2026-09-14 13:59:19 | INFO    | apexnet.train | ablation[full_proposed             ] test acc=0.726 f1=0.659 auc=0.792
2026-09-14 13:59:19 | INFO    | apexnet.train | wrote /home/user/Downloads/2430010326 (2)/results/ablation_study.json
2026-09-15 18:03:27 | INFO    | apexnet | logging configured (level=INFO, dir=/home/user/Downloads/ApexNet-main/logs)
2026-09-15 18:03:27 | INFO    | apexnet.real_data | building real-data tables from /home/user/Downloads/ApexNet-main/data (min_year=2014)
2026-09-15 18:03:27 | INFO    | apexnet.real_data | loaded race_results.csv (5394 rows)
2026-09-15 18:03:27 | INFO    | apexnet.real_data | loaded qualifying_results.csv (5380 rows)
2026-09-15 18:03:27 | INFO    | apexnet.real_data | loaded pit_stops.csv (9557 rows)
2026-09-15 18:03:27 | INFO    | apexnet.real_data | loaded races.csv (275 rows)
2026-09-15 18:03:28 | INFO    | apexnet.real_data | loaded drivers.csv (917 rows)
2026-09-15 18:03:28 | INFO    | apexnet.real_data | loaded constructors.csv (187 rows)
2026-09-15 18:03:28 | INFO    | apexnet.real_data | loaded circuits.csv (78 rows)
2026-09-15 18:03:36 | INFO    | apexnet.real_data | built 265 race records from real results (min_year=2014)
2026-09-15 18:03:36 | INFO    | apexnet.real_data | leakage gate passed on 5 sampled records
2026-09-15 18:04:01 | INFO    | apexnet | logging configured (level=INFO, dir=/home/user/Downloads/ApexNet-main/logs)
2026-09-15 18:04:01 | INFO    | apexnet.train | loading real F1 race-results dataset (f1db, 2014+)...
2026-09-15 18:04:01 | INFO    | apexnet.real_data | building real-data tables from /home/user/Downloads/ApexNet-main/data (min_year=2014)
2026-09-15 18:04:01 | INFO    | apexnet.real_data | loaded race_results.csv (5394 rows)
2026-09-15 18:04:01 | INFO    | apexnet.real_data | loaded qualifying_results.csv (5380 rows)
2026-09-15 18:04:01 | INFO    | apexnet.real_data | loaded pit_stops.csv (9557 rows)
2026-09-15 18:04:01 | INFO    | apexnet.real_data | loaded races.csv (275 rows)
2026-09-15 18:04:03 | INFO    | apexnet.real_data | loaded drivers.csv (917 rows)
2026-09-15 18:04:03 | INFO    | apexnet.real_data | loaded constructors.csv (187 rows)
2026-09-15 18:04:03 | INFO    | apexnet.real_data | loaded circuits.csv (78 rows)
2026-09-15 18:04:09 | INFO    | apexnet.real_data | built 265 race records from real results (min_year=2014)
2026-09-15 18:04:09 | INFO    | apexnet.real_data | RealOvertakeDataset[train]: 159 races (of 265 total, val_frac=0.20, test_frac=0.20)
2026-09-15 18:04:15 | INFO    | apexnet.real_data | built 265 race records from real results (min_year=2014)
2026-09-15 18:04:15 | INFO    | apexnet.real_data | RealOvertakeDataset[val]: 53 races (of 265 total, val_frac=0.20, test_frac=0.20)
2026-09-15 18:04:24 | INFO    | apexnet.real_data | built 265 race records from real results (min_year=2014)
2026-09-15 18:04:24 | INFO    | apexnet.real_data | RealOvertakeDataset[test]: 53 races (of 265 total, val_frac=0.20, test_frac=0.20)
2026-09-15 18:04:24 | INFO    | apexnet.train | train races=159 val races=53 test races=53
2026-09-15 18:04:24 | INFO    | apexnet.train | wrote dataset distribution to /home/user/Downloads/ApexNet-main/results/dataset_distribution.json
2026-09-15 18:04:24 | INFO    | apexnet.real_data | leakage gate passed on 5 sampled records
2026-09-15 18:04:24 | INFO    | apexnet.train | training cnn (seed=42)...
2026-09-15 18:04:30 | INFO    | apexnet.real_data | built 265 race records from real results (min_year=2014)
2026-09-15 18:04:30 | INFO    | apexnet.real_data | RealOvertakeDataset[train]: 159 races (of 265 total, val_frac=0.20, test_frac=0.20)
2026-09-15 18:04:35 | INFO    | apexnet.real_data | built 265 race records from real results (min_year=2014)
2026-09-15 18:04:35 | INFO    | apexnet.real_data | RealOvertakeDataset[val]: 53 races (of 265 total, val_frac=0.20, test_frac=0.20)
2026-09-15 18:04:39 | INFO    | apexnet.real_data | built 265 race records from real results (min_year=2014)
2026-09-15 18:04:39 | INFO    | apexnet.real_data | RealOvertakeDataset[test]: 53 races (of 265 total, val_frac=0.20, test_frac=0.20)
2026-09-15 18:06:05 | INFO    | apexnet | logging configured (level=INFO, dir=/home/user/Downloads/ApexNet-main/logs)
2026-09-15 18:06:05 | INFO    | apexnet.train | loading real F1 race-results dataset (f1db, 2014+)...
2026-09-15 18:06:05 | INFO    | apexnet.real_data | building real-data tables from /home/user/Downloads/ApexNet-main/data (min_year=2014)
2026-09-15 18:06:05 | INFO    | apexnet.real_data | loaded race_results.csv (5394 rows)
2026-09-15 18:06:05 | INFO    | apexnet.real_data | loaded qualifying_results.csv (5380 rows)
2026-09-15 18:06:05 | INFO    | apexnet.real_data | loaded pit_stops.csv (9557 rows)
2026-09-15 18:06:05 | INFO    | apexnet.real_data | loaded races.csv (275 rows)
2026-09-15 18:06:07 | INFO    | apexnet.real_data | loaded drivers.csv (917 rows)
2026-09-15 18:06:07 | INFO    | apexnet.real_data | loaded constructors.csv (187 rows)
2026-09-15 18:06:07 | INFO    | apexnet.real_data | loaded circuits.csv (78 rows)
2026-09-15 18:06:21 | INFO    | apexnet.real_data | built 265 race records from real results (min_year=2014)
2026-09-15 18:06:21 | INFO    | apexnet.real_data | RealOvertakeDataset[train]: 159 races (of 265 total, val_frac=0.20, test_frac=0.20)
2026-09-15 18:06:35 | INFO    | apexnet.real_data | built 265 race records from real results (min_year=2014)
2026-09-15 18:06:35 | INFO    | apexnet.real_data | RealOvertakeDataset[val]: 53 races (of 265 total, val_frac=0.20, test_frac=0.20)
2026-09-15 18:06:44 | INFO    | apexnet.real_data | built 265 race records from real results (min_year=2014)
2026-09-15 18:06:44 | INFO    | apexnet.real_data | RealOvertakeDataset[test]: 53 races (of 265 total, val_frac=0.20, test_frac=0.20)
2026-09-15 18:06:44 | INFO    | apexnet.train | train races=159 val races=53 test races=53
2026-09-15 18:06:44 | INFO    | apexnet.train | wrote dataset distribution to /home/user/Downloads/ApexNet-main/results/dataset_distribution.json
2026-09-15 18:06:44 | INFO    | apexnet.real_data | leakage gate passed on 5 sampled records
2026-09-15 18:06:44 | INFO    | apexnet.train | training cnn (seed=42)...
2026-09-15 18:07:02 | INFO    | apexnet.real_data | built 265 race records from real results (min_year=2014)
2026-09-15 18:07:02 | INFO    | apexnet.real_data | RealOvertakeDataset[train]: 159 races (of 265 total, val_frac=0.20, test_frac=0.20)
2026-09-15 18:07:13 | INFO    | apexnet.real_data | built 265 race records from real results (min_year=2014)
2026-09-15 18:07:13 | INFO    | apexnet.real_data | RealOvertakeDataset[val]: 53 races (of 265 total, val_frac=0.20, test_frac=0.20)
2026-09-15 18:08:54 | INFO    | apexnet | logging configured (level=INFO, dir=/home/user/Downloads/ApexNet-main/logs)
2026-09-15 18:08:54 | INFO    | apexnet.train | loading real F1 race-results dataset (f1db, 2014+)...
2026-09-15 18:08:54 | INFO    | apexnet.real_data | building real-data tables from /home/user/Downloads/ApexNet-main/data (min_year=2014)
2026-09-15 18:08:54 | INFO    | apexnet.real_data | loaded race_results.csv (5394 rows)
2026-09-15 18:08:54 | INFO    | apexnet.real_data | loaded qualifying_results.csv (5380 rows)
2026-09-15 18:08:54 | INFO    | apexnet.real_data | loaded pit_stops.csv (9557 rows)
2026-09-15 18:08:54 | INFO    | apexnet.real_data | loaded races.csv (275 rows)
2026-09-15 18:08:55 | INFO    | apexnet.real_data | loaded drivers.csv (917 rows)
2026-09-15 18:08:55 | INFO    | apexnet.real_data | loaded constructors.csv (187 rows)
2026-09-15 18:08:55 | INFO    | apexnet.real_data | loaded circuits.csv (78 rows)
2026-09-15 18:09:02 | INFO    | apexnet.real_data | built 265 race records from real results (min_year=2014)
2026-09-15 18:09:02 | INFO    | apexnet.real_data | RealOvertakeDataset[train]: 159 races (of 265 total, val_frac=0.20, test_frac=0.20)
2026-09-15 18:09:09 | INFO    | apexnet.real_data | built 265 race records from real results (min_year=2014)
2026-09-15 18:09:09 | INFO    | apexnet.real_data | RealOvertakeDataset[val]: 53 races (of 265 total, val_frac=0.20, test_frac=0.20)
2026-09-15 18:09:15 | INFO    | apexnet.real_data | built 265 race records from real results (min_year=2014)
2026-09-15 18:09:15 | INFO    | apexnet.real_data | RealOvertakeDataset[test]: 53 races (of 265 total, val_frac=0.20, test_frac=0.20)
2026-09-15 18:09:15 | INFO    | apexnet.train | train races=159 val races=53 test races=53
2026-09-15 18:09:15 | INFO    | apexnet.train | wrote dataset distribution to /home/user/Downloads/ApexNet-main/results/dataset_distribution.json
2026-09-15 18:09:15 | INFO    | apexnet.real_data | leakage gate passed on 5 sampled records
2026-09-15 18:09:15 | INFO    | apexnet.train | training cnn (seed=42)...
2026-09-15 18:09:16 | INFO    | apexnet.real_data | built 265 race records from real results (min_year=2014)
2026-09-15 18:09:16 | INFO    | apexnet.real_data | RealOvertakeDataset[train]: 159 races (of 265 total, val_frac=0.20, test_frac=0.20)
2026-09-15 18:09:18 | INFO    | apexnet.real_data | built 265 race records from real results (min_year=2014)
2026-09-15 18:09:18 | INFO    | apexnet.real_data | RealOvertakeDataset[val]: 53 races (of 265 total, val_frac=0.20, test_frac=0.20)
2026-09-15 18:09:20 | INFO    | apexnet.real_data | built 265 race records from real results (min_year=2014)
2026-09-15 18:09:20 | INFO    | apexnet.real_data | RealOvertakeDataset[test]: 53 races (of 265 total, val_frac=0.20, test_frac=0.20)
2026-09-15 18:10:13 | INFO    | apexnet | logging configured (level=INFO, dir=/home/user/Downloads/ApexNet-main/logs)
2026-09-15 18:10:13 | INFO    | apexnet.real_data | building real-data tables from /home/user/Downloads/ApexNet-main/data (min_year=2014)
2026-09-15 18:10:13 | INFO    | apexnet.real_data | loaded race_results.csv (5394 rows)
2026-09-15 18:10:13 | INFO    | apexnet.real_data | loaded qualifying_results.csv (5380 rows)
2026-09-15 18:10:13 | INFO    | apexnet.real_data | loaded pit_stops.csv (9557 rows)
2026-09-15 18:10:13 | INFO    | apexnet.real_data | loaded races.csv (275 rows)
2026-09-15 18:10:13 | INFO    | apexnet.real_data | loaded drivers.csv (917 rows)
2026-09-15 18:10:13 | INFO    | apexnet.real_data | loaded constructors.csv (187 rows)
2026-09-15 18:10:13 | INFO    | apexnet.real_data | loaded circuits.csv (78 rows)
2026-09-15 18:10:14 | INFO    | apexnet.real_data | built 265 race records from real results (min_year=2014)
2026-09-15 18:10:31 | INFO    | apexnet | logging configured (level=INFO, dir=/home/user/Downloads/ApexNet-main/logs)
2026-09-15 18:10:31 | INFO    | apexnet.train | loading real F1 race-results dataset (f1db, 2014+)...
2026-09-15 18:10:31 | INFO    | apexnet.real_data | building real-data tables from /home/user/Downloads/ApexNet-main/data (min_year=2014)
2026-09-15 18:10:31 | INFO    | apexnet.real_data | loaded race_results.csv (5394 rows)
2026-09-15 18:10:31 | INFO    | apexnet.real_data | loaded qualifying_results.csv (5380 rows)
2026-09-15 18:10:31 | INFO    | apexnet.real_data | loaded pit_stops.csv (9557 rows)
2026-09-15 18:10:31 | INFO    | apexnet.real_data | loaded races.csv (275 rows)
2026-09-15 18:10:31 | INFO    | apexnet.real_data | loaded drivers.csv (917 rows)
2026-09-15 18:10:31 | INFO    | apexnet.real_data | loaded constructors.csv (187 rows)
2026-09-15 18:10:31 | INFO    | apexnet.real_data | loaded circuits.csv (78 rows)
2026-09-15 18:10:32 | INFO    | apexnet.real_data | built 265 race records from real results (min_year=2014)
2026-09-15 18:10:32 | INFO    | apexnet.real_data | RealOvertakeDataset[train]: 159 races (of 265 total, val_frac=0.20, test_frac=0.20)
2026-09-15 18:10:33 | INFO    | apexnet.real_data | built 265 race records from real results (min_year=2014)
2026-09-15 18:10:33 | INFO    | apexnet.real_data | RealOvertakeDataset[val]: 53 races (of 265 total, val_frac=0.20, test_frac=0.20)
2026-09-15 18:10:34 | INFO    | apexnet.real_data | built 265 race records from real results (min_year=2014)
2026-09-15 18:10:34 | INFO    | apexnet.real_data | RealOvertakeDataset[test]: 53 races (of 265 total, val_frac=0.20, test_frac=0.20)
2026-09-15 18:10:34 | INFO    | apexnet.train | train races=159 val races=53 test races=53
2026-09-15 18:10:34 | INFO    | apexnet.train | wrote dataset distribution to /home/user/Downloads/ApexNet-main/results/dataset_distribution.json
2026-09-15 18:10:34 | INFO    | apexnet.real_data | leakage gate passed on 5 sampled records
2026-09-15 18:10:34 | INFO    | apexnet.train | training cnn (seed=42)...
2026-09-15 18:10:35 | INFO    | apexnet.real_data | built 265 race records from real results (min_year=2014)
2026-09-15 18:10:35 | INFO    | apexnet.real_data | RealOvertakeDataset[train]: 159 races (of 265 total, val_frac=0.20, test_frac=0.20)
2026-09-15 18:10:36 | INFO    | apexnet.real_data | built 265 race records from real results (min_year=2014)
2026-09-15 18:10:36 | INFO    | apexnet.real_data | RealOvertakeDataset[val]: 53 races (of 265 total, val_frac=0.20, test_frac=0.20)
2026-09-15 18:10:38 | INFO    | apexnet.real_data | built 265 race records from real results (min_year=2014)
2026-09-15 18:10:38 | INFO    | apexnet.real_data | RealOvertakeDataset[test]: 53 races (of 265 total, val_frac=0.20, test_frac=0.20)
2026-09-15 18:10:41 | INFO    | apexnet.train | cnn      epoch 01 loss=0.6791 acc=0.573 f1=0.296 auc=0.578 (n_eval_pairs=993)
2026-09-15 18:10:42 | INFO    | apexnet.train | cnn      epoch 02 loss=0.6603 acc=0.599 f1=0.478 auc=0.616 (n_eval_pairs=993)
2026-09-15 18:10:43 | INFO    | apexnet.train | cnn      epoch 03 loss=0.6527 acc=0.595 f1=0.414 auc=0.618 (n_eval_pairs=993)
2026-09-15 18:10:44 | INFO    | apexnet.train | cnn      epoch 04 loss=0.6481 acc=0.626 f1=0.450 auc=0.641 (n_eval_pairs=993)
2026-09-15 18:10:46 | INFO    | apexnet.train | cnn      epoch 05 loss=0.6457 acc=0.611 f1=0.449 auc=0.626 (n_eval_pairs=993)
2026-09-15 18:10:48 | INFO    | apexnet.train | cnn      epoch 06 loss=0.6437 acc=0.612 f1=0.452 auc=0.630 (n_eval_pairs=993)
2026-09-15 18:10:51 | INFO    | apexnet.train | cnn      epoch 07 loss=0.6418 acc=0.628 f1=0.455 auc=0.631 (n_eval_pairs=993)
2026-09-15 18:10:52 | INFO    | apexnet.train | cnn      epoch 08 loss=0.6382 acc=0.611 f1=0.452 auc=0.618 (n_eval_pairs=993)
2026-09-15 18:10:54 | INFO    | apexnet.train | cnn      epoch 09 loss=0.6364 acc=0.622 f1=0.477 auc=0.623 (n_eval_pairs=993)
2026-09-15 18:10:54 | INFO    | apexnet.train | cnn      epoch 10 loss=0.6355 acc=0.609 f1=0.438 auc=0.616 (n_eval_pairs=993)
2026-09-15 18:10:55 | INFO    | apexnet.train | cnn      epoch 11 loss=0.6352 acc=0.597 f1=0.408 auc=0.602 (n_eval_pairs=993)
2026-09-15 18:10:55 | INFO    | apexnet.train | cnn      epoch 12 loss=0.6348 acc=0.611 f1=0.476 auc=0.626 (n_eval_pairs=993)
2026-09-15 18:10:55 | INFO    | apexnet.train | cnn early stop at epoch 12
2026-09-15 18:10:55 | INFO    | apexnet.train | training cnn (seed=43)...
2026-09-15 18:10:57 | INFO    | apexnet.real_data | built 265 race records from real results (min_year=2014)
2026-09-15 18:10:57 | INFO    | apexnet.real_data | RealOvertakeDataset[train]: 159 races (of 265 total, val_frac=0.20, test_frac=0.20)
2026-09-15 18:10:58 | INFO    | apexnet.real_data | built 265 race records from real results (min_year=2014)
2026-09-15 18:10:58 | INFO    | apexnet.real_data | RealOvertakeDataset[val]: 53 races (of 265 total, val_frac=0.20, test_frac=0.20)
2026-09-15 18:11:00 | INFO    | apexnet.real_data | built 265 race records from real results (min_year=2014)
2026-09-15 18:11:00 | INFO    | apexnet.real_data | RealOvertakeDataset[test]: 53 races (of 265 total, val_frac=0.20, test_frac=0.20)
2026-09-15 18:11:01 | INFO    | apexnet.train | cnn      epoch 01 loss=0.6750 acc=0.564 f1=0.014 auc=0.622 (n_eval_pairs=994)
2026-09-15 18:11:02 | INFO    | apexnet.train | cnn      epoch 02 loss=0.6585 acc=0.591 f1=0.359 auc=0.610 (n_eval_pairs=994)
2026-09-15 18:11:03 | INFO    | apexnet.train | cnn      epoch 03 loss=0.6577 acc=0.617 f1=0.427 auc=0.643 (n_eval_pairs=994)
2026-09-15 18:11:04 | INFO    | apexnet.train | cnn      epoch 04 loss=0.6565 acc=0.604 f1=0.365 auc=0.629 (n_eval_pairs=994)
2026-09-15 18:11:06 | INFO    | apexnet.train | cnn      epoch 05 loss=0.6498 acc=0.610 f1=0.455 auc=0.627 (n_eval_pairs=994)
2026-09-15 18:11:07 | INFO    | apexnet.train | cnn      epoch 06 loss=0.6475 acc=0.581 f1=0.397 auc=0.587 (n_eval_pairs=994)
2026-09-15 18:11:08 | INFO    | apexnet.train | cnn      epoch 07 loss=0.6488 acc=0.603 f1=0.425 auc=0.621 (n_eval_pairs=994)
2026-09-15 18:11:09 | INFO    | apexnet.train | cnn      epoch 08 loss=0.6459 acc=0.598 f1=0.375 auc=0.600 (n_eval_pairs=994)
2026-09-15 18:11:09 | INFO    | apexnet.train | cnn      epoch 09 loss=0.6446 acc=0.596 f1=0.422 auc=0.624 (n_eval_pairs=994)
2026-09-15 18:11:11 | INFO    | apexnet.train | cnn      epoch 10 loss=0.6410 acc=0.591 f1=0.406 auc=0.608 (n_eval_pairs=994)
2026-09-15 18:11:14 | INFO    | apexnet.train | cnn      epoch 11 loss=0.6406 acc=0.584 f1=0.371 auc=0.594 (n_eval_pairs=994)
2026-09-15 18:11:14 | INFO    | apexnet.train | cnn early stop at epoch 11
2026-09-15 18:11:14 | INFO    | apexnet.train | training cnn (seed=44)...
2026-09-15 18:11:15 | INFO    | apexnet.real_data | built 265 race records from real results (min_year=2014)
2026-09-15 18:11:15 | INFO    | apexnet.real_data | RealOvertakeDataset[train]: 159 races (of 265 total, val_frac=0.20, test_frac=0.20)
2026-09-15 18:11:16 | INFO    | apexnet.real_data | built 265 race records from real results (min_year=2014)
2026-09-15 18:11:16 | INFO    | apexnet.real_data | RealOvertakeDataset[val]: 53 races (of 265 total, val_frac=0.20, test_frac=0.20)
2026-09-15 18:11:17 | INFO    | apexnet.real_data | built 265 race records from real results (min_year=2014)
2026-09-15 18:11:17 | INFO    | apexnet.real_data | RealOvertakeDataset[test]: 53 races (of 265 total, val_frac=0.20, test_frac=0.20)
2026-09-15 18:11:17 | INFO    | apexnet.train | cnn      epoch 01 loss=0.6701 acc=0.594 f1=0.202 auc=0.587 (n_eval_pairs=995)
2026-09-15 18:11:18 | INFO    | apexnet.train | cnn      epoch 02 loss=0.6546 acc=0.594 f1=0.433 auc=0.596 (n_eval_pairs=995)
2026-09-15 18:11:20 | INFO    | apexnet.train | cnn      epoch 03 loss=0.6496 acc=0.586 f1=0.366 auc=0.584 (n_eval_pairs=995)
2026-09-15 18:11:22 | INFO    | apexnet.train | cnn      epoch 04 loss=0.6451 acc=0.597 f1=0.456 auc=0.581 (n_eval_pairs=995)
2026-09-15 18:11:24 | INFO    | apexnet.train | cnn      epoch 05 loss=0.6462 acc=0.601 f1=0.414 auc=0.594 (n_eval_pairs=995)
2026-09-15 18:11:26 | INFO    | apexnet.train | cnn      epoch 06 loss=0.6419 acc=0.582 f1=0.399 auc=0.581 (n_eval_pairs=995)
2026-09-15 18:11:27 | INFO    | apexnet.train | cnn      epoch 07 loss=0.6385 acc=0.596 f1=0.451 auc=0.594 (n_eval_pairs=995)
2026-09-15 18:11:28 | INFO    | apexnet.train | cnn      epoch 08 loss=0.6386 acc=0.571 f1=0.382 auc=0.566 (n_eval_pairs=995)
2026-09-15 18:11:30 | INFO    | apexnet.train | cnn      epoch 09 loss=0.6356 acc=0.564 f1=0.410 auc=0.580 (n_eval_pairs=995)
2026-09-15 18:11:31 | INFO    | apexnet.train | cnn      epoch 10 loss=0.6309 acc=0.579 f1=0.428 auc=0.582 (n_eval_pairs=995)
2026-09-15 18:11:31 | INFO    | apexnet.train | cnn early stop at epoch 10
2026-09-15 18:11:32 | INFO    | apexnet.train | training gat (seed=42)...
2026-09-15 18:11:33 | INFO    | apexnet.real_data | built 265 race records from real results (min_year=2014)
2026-09-15 18:11:33 | INFO    | apexnet.real_data | RealOvertakeDataset[train]: 159 races (of 265 total, val_frac=0.20, test_frac=0.20)
2026-09-15 18:11:34 | INFO    | apexnet.real_data | built 265 race records from real results (min_year=2014)
2026-09-15 18:11:34 | INFO    | apexnet.real_data | RealOvertakeDataset[val]: 53 races (of 265 total, val_frac=0.20, test_frac=0.20)
2026-09-15 18:11:35 | INFO    | apexnet.real_data | built 265 race records from real results (min_year=2014)
2026-09-15 18:11:35 | INFO    | apexnet.real_data | RealOvertakeDataset[test]: 53 races (of 265 total, val_frac=0.20, test_frac=0.20)
2026-09-15 18:11:36 | INFO    | apexnet.train | gat      epoch 01 loss=0.6735 acc=0.594 f1=0.405 auc=0.605 (n_eval_pairs=993)
2026-09-15 18:11:36 | INFO    | apexnet.train | gat      epoch 02 loss=0.6579 acc=0.613 f1=0.349 auc=0.632 (n_eval_pairs=993)
2026-09-15 18:11:37 | INFO    | apexnet.train | gat      epoch 03 loss=0.6548 acc=0.589 f1=0.433 auc=0.624 (n_eval_pairs=993)
2026-09-15 18:11:38 | INFO    | apexnet.train | gat      epoch 04 loss=0.6547 acc=0.589 f1=0.443 auc=0.622 (n_eval_pairs=993)
2026-09-15 18:11:39 | INFO    | apexnet.train | gat      epoch 05 loss=0.6529 acc=0.603 f1=0.451 auc=0.623 (n_eval_pairs=993)
2026-09-15 18:11:39 | INFO    | apexnet.train | gat      epoch 06 loss=0.6532 acc=0.607 f1=0.411 auc=0.629 (n_eval_pairs=993)
2026-09-15 18:11:40 | INFO    | apexnet.train | gat      epoch 07 loss=0.6510 acc=0.588 f1=0.471 auc=0.617 (n_eval_pairs=993)
2026-09-15 18:11:41 | INFO    | apexnet.train | gat      epoch 08 loss=0.6514 acc=0.603 f1=0.483 auc=0.632 (n_eval_pairs=993)
2026-09-15 18:11:42 | INFO    | apexnet.train | gat      epoch 09 loss=0.6498 acc=0.621 f1=0.409 auc=0.631 (n_eval_pairs=993)
2026-09-15 18:11:43 | INFO    | apexnet.train | gat      epoch 10 loss=0.6484 acc=0.596 f1=0.431 auc=0.614 (n_eval_pairs=993)
2026-09-15 18:11:43 | INFO    | apexnet.train | gat      epoch 11 loss=0.6469 acc=0.593 f1=0.423 auc=0.624 (n_eval_pairs=993)
2026-09-15 18:11:43 | INFO    | apexnet.train | gat      epoch 12 loss=0.6469 acc=0.607 f1=0.409 auc=0.624 (n_eval_pairs=993)
2026-09-15 18:11:44 | INFO    | apexnet.train | gat      epoch 13 loss=0.6460 acc=0.604 f1=0.398 auc=0.620 (n_eval_pairs=993)
2026-09-15 18:11:44 | INFO    | apexnet.train | gat      epoch 14 loss=0.6451 acc=0.595 f1=0.489 auc=0.614 (n_eval_pairs=993)
2026-09-15 18:11:45 | INFO    | apexnet.train | gat      epoch 15 loss=0.6444 acc=0.611 f1=0.383 auc=0.620 (n_eval_pairs=993)
2026-09-15 18:11:45 | INFO    | apexnet.train | gat      epoch 16 loss=0.6445 acc=0.594 f1=0.394 auc=0.610 (n_eval_pairs=993)
2026-09-15 18:11:45 | INFO    | apexnet.train | gat early stop at epoch 16
2026-09-15 18:11:45 | INFO    | apexnet.train | training gat (seed=43)...
2026-09-15 18:11:46 | INFO    | apexnet.real_data | built 265 race records from real results (min_year=2014)
2026-09-15 18:11:46 | INFO    | apexnet.real_data | RealOvertakeDataset[train]: 159 races (of 265 total, val_frac=0.20, test_frac=0.20)
2026-09-15 18:11:47 | INFO    | apexnet.real_data | built 265 race records from real results (min_year=2014)
2026-09-15 18:11:47 | INFO    | apexnet.real_data | RealOvertakeDataset[val]: 53 races (of 265 total, val_frac=0.20, test_frac=0.20)
2026-09-15 18:11:48 | INFO    | apexnet.real_data | built 265 race records from real results (min_year=2014)
2026-09-15 18:11:48 | INFO    | apexnet.real_data | RealOvertakeDataset[test]: 53 races (of 265 total, val_frac=0.20, test_frac=0.20)
2026-09-15 18:11:48 | INFO    | apexnet.train | gat      epoch 01 loss=0.6806 acc=0.572 f1=0.127 auc=0.582 (n_eval_pairs=994)
2026-09-15 18:11:49 | INFO    | apexnet.train | gat      epoch 02 loss=0.6699 acc=0.604 f1=0.348 auc=0.605 (n_eval_pairs=994)
2026-09-15 18:11:50 | INFO    | apexnet.train | gat      epoch 03 loss=0.6632 acc=0.603 f1=0.503 auc=0.626 (n_eval_pairs=994)
2026-09-15 18:11:50 | INFO    | apexnet.train | gat      epoch 04 loss=0.6636 acc=0.593 f1=0.438 auc=0.617 (n_eval_pairs=994)
2026-09-15 18:11:51 | INFO    | apexnet.train | gat      epoch 05 loss=0.6607 acc=0.593 f1=0.437 auc=0.623 (n_eval_pairs=994)
2026-09-15 18:11:53 | INFO    | apexnet.train | gat      epoch 06 loss=0.6614 acc=0.605 f1=0.367 auc=0.607 (n_eval_pairs=994)
2026-09-15 18:11:54 | INFO    | apexnet.train | gat      epoch 07 loss=0.6576 acc=0.590 f1=0.470 auc=0.613 (n_eval_pairs=994)
2026-09-15 18:11:54 | INFO    | apexnet.train | gat      epoch 08 loss=0.6613 acc=0.599 f1=0.340 auc=0.623 (n_eval_pairs=994)
2026-09-15 18:11:55 | INFO    | apexnet.train | gat      epoch 09 loss=0.6582 acc=0.600 f1=0.382 auc=0.608 (n_eval_pairs=994)
2026-09-15 18:11:55 | INFO    | apexnet.train | gat      epoch 10 loss=0.6570 acc=0.605 f1=0.371 auc=0.620 (n_eval_pairs=994)
2026-09-15 18:11:56 | INFO    | apexnet.train | gat      epoch 11 loss=0.6540 acc=0.612 f1=0.402 auc=0.618 (n_eval_pairs=994)
2026-09-15 18:11:56 | INFO    | apexnet.train | gat early stop at epoch 11
2026-09-15 18:11:57 | INFO    | apexnet.train | training gat (seed=44)...
2026-09-15 18:11:57 | INFO    | apexnet.real_data | built 265 race records from real results (min_year=2014)
2026-09-15 18:11:57 | INFO    | apexnet.real_data | RealOvertakeDataset[train]: 159 races (of 265 total, val_frac=0.20, test_frac=0.20)
2026-09-15 18:11:58 | INFO    | apexnet.real_data | built 265 race records from real results (min_year=2014)
2026-09-15 18:11:58 | INFO    | apexnet.real_data | RealOvertakeDataset[val]: 53 races (of 265 total, val_frac=0.20, test_frac=0.20)
2026-09-15 18:11:59 | INFO    | apexnet.real_data | built 265 race records from real results (min_year=2014)
2026-09-15 18:11:59 | INFO    | apexnet.real_data | RealOvertakeDataset[test]: 53 races (of 265 total, val_frac=0.20, test_frac=0.20)
2026-09-15 18:11:59 | INFO    | apexnet.train | gat      epoch 01 loss=0.6815 acc=0.573 f1=0.027 auc=0.585 (n_eval_pairs=995)
2026-09-15 18:12:00 | INFO    | apexnet.train | gat      epoch 02 loss=0.6703 acc=0.590 f1=0.422 auc=0.609 (n_eval_pairs=995)
2026-09-15 18:12:01 | INFO    | apexnet.train | gat      epoch 03 loss=0.6626 acc=0.580 f1=0.237 auc=0.598 (n_eval_pairs=995)
2026-09-15 18:12:02 | INFO    | apexnet.train | gat      epoch 04 loss=0.6621 acc=0.616 f1=0.355 auc=0.629 (n_eval_pairs=995)
2026-09-15 18:12:03 | INFO    | apexnet.train | gat      epoch 05 loss=0.6568 acc=0.606 f1=0.445 auc=0.620 (n_eval_pairs=995)
2026-09-15 18:12:04 | INFO    | apexnet.train | gat      epoch 06 loss=0.6545 acc=0.613 f1=0.455 auc=0.621 (n_eval_pairs=995)
2026-09-15 18:12:04 | INFO    | apexnet.train | gat      epoch 07 loss=0.6524 acc=0.583 f1=0.447 auc=0.604 (n_eval_pairs=995)
2026-09-15 18:12:05 | INFO    | apexnet.train | gat      epoch 08 loss=0.6543 acc=0.606 f1=0.399 auc=0.618 (n_eval_pairs=995)
2026-09-15 18:12:06 | INFO    | apexnet.train | gat      epoch 09 loss=0.6540 acc=0.579 f1=0.470 auc=0.597 (n_eval_pairs=995)
2026-09-15 18:12:07 | INFO    | apexnet.train | gat      epoch 10 loss=0.6525 acc=0.606 f1=0.411 auc=0.622 (n_eval_pairs=995)
2026-09-15 18:12:08 | INFO    | apexnet.train | gat      epoch 11 loss=0.6517 acc=0.606 f1=0.408 auc=0.619 (n_eval_pairs=995)
2026-09-15 18:12:09 | INFO    | apexnet.train | gat      epoch 12 loss=0.6506 acc=0.613 f1=0.466 auc=0.622 (n_eval_pairs=995)
2026-09-15 18:12:09 | INFO    | apexnet.train | gat early stop at epoch 12
2026-09-15 18:12:09 | INFO    | apexnet.train | training lstm (seed=42)...
2026-09-15 18:12:10 | INFO    | apexnet.real_data | built 265 race records from real results (min_year=2014)
2026-09-15 18:12:10 | INFO    | apexnet.real_data | RealOvertakeDataset[train]: 159 races (of 265 total, val_frac=0.20, test_frac=0.20)
2026-09-15 18:12:13 | INFO    | apexnet.real_data | built 265 race records from real results (min_year=2014)
2026-09-15 18:12:13 | INFO    | apexnet.real_data | RealOvertakeDataset[val]: 53 races (of 265 total, val_frac=0.20, test_frac=0.20)
2026-09-15 18:12:14 | INFO    | apexnet.real_data | built 265 race records from real results (min_year=2014)
2026-09-15 18:12:14 | INFO    | apexnet.real_data | RealOvertakeDataset[test]: 53 races (of 265 total, val_frac=0.20, test_frac=0.20)
2026-09-15 18:12:16 | INFO    | apexnet.train | lstm     epoch 01 loss=0.6852 acc=0.570 f1=0.000 auc=0.549 (n_eval_pairs=993)
2026-09-15 18:12:18 | INFO    | apexnet.train | lstm     epoch 02 loss=0.6794 acc=0.557 f1=0.157 auc=0.546 (n_eval_pairs=993)
2026-09-15 18:12:21 | INFO    | apexnet.train | lstm     epoch 03 loss=0.6698 acc=0.587 f1=0.310 auc=0.598 (n_eval_pairs=993)
2026-09-15 18:12:22 | INFO    | apexnet.train | lstm     epoch 04 loss=0.6596 acc=0.590 f1=0.413 auc=0.615 (n_eval_pairs=993)
2026-09-15 18:12:23 | INFO    | apexnet.train | lstm     epoch 05 loss=0.6604 acc=0.604 f1=0.379 auc=0.623 (n_eval_pairs=993)
2026-09-15 18:12:23 | INFO    | apexnet.train | lstm     epoch 06 loss=0.6559 acc=0.597 f1=0.413 auc=0.624 (n_eval_pairs=993)
2026-09-15 18:12:24 | INFO    | apexnet.train | lstm     epoch 07 loss=0.6529 acc=0.608 f1=0.419 auc=0.630 (n_eval_pairs=993)
2026-09-15 18:12:24 | INFO    | apexnet.train | lstm     epoch 08 loss=0.6545 acc=0.607 f1=0.416 auc=0.630 (n_eval_pairs=993)
2026-09-15 18:12:25 | INFO    | apexnet.train | lstm     epoch 09 loss=0.6533 acc=0.613 f1=0.415 auc=0.630 (n_eval_pairs=993)
2026-09-15 18:12:25 | INFO    | apexnet.train | lstm     epoch 10 loss=0.6535 acc=0.607 f1=0.411 auc=0.633 (n_eval_pairs=993)
2026-09-15 18:12:27 | INFO    | apexnet.train | lstm     epoch 11 loss=0.6524 acc=0.609 f1=0.396 auc=0.636 (n_eval_pairs=993)
2026-09-15 18:12:27 | INFO    | apexnet.train | lstm     epoch 12 loss=0.6542 acc=0.603 f1=0.424 auc=0.633 (n_eval_pairs=993)
2026-09-15 18:12:28 | INFO    | apexnet.train | lstm     epoch 13 loss=0.6533 acc=0.611 f1=0.410 auc=0.638 (n_eval_pairs=993)
2026-09-15 18:12:29 | INFO    | apexnet.train | lstm     epoch 14 loss=0.6513 acc=0.608 f1=0.425 auc=0.633 (n_eval_pairs=993)
2026-09-15 18:12:30 | INFO    | apexnet.train | lstm     epoch 15 loss=0.6530 acc=0.604 f1=0.421 auc=0.631 (n_eval_pairs=993)
2026-09-15 18:12:31 | INFO    | apexnet.train | lstm     epoch 16 loss=0.6511 acc=0.601 f1=0.421 auc=0.631 (n_eval_pairs=993)
2026-09-15 18:12:33 | INFO    | apexnet.train | lstm     epoch 17 loss=0.6526 acc=0.602 f1=0.417 auc=0.632 (n_eval_pairs=993)
2026-09-15 18:12:33 | INFO    | apexnet.train | lstm     epoch 18 loss=0.6509 acc=0.601 f1=0.412 auc=0.631 (n_eval_pairs=993)
2026-09-15 18:12:35 | INFO    | apexnet.train | lstm     epoch 19 loss=0.6508 acc=0.608 f1=0.424 auc=0.636 (n_eval_pairs=993)
2026-09-15 18:12:36 | INFO    | apexnet.train | lstm     epoch 20 loss=0.6513 acc=0.595 f1=0.421 auc=0.631 (n_eval_pairs=993)
2026-09-15 18:12:38 | INFO    | apexnet.train | lstm     epoch 21 loss=0.6501 acc=0.604 f1=0.416 auc=0.634 (n_eval_pairs=993)
2026-09-15 18:12:38 | INFO    | apexnet.train | lstm early stop at epoch 21
2026-09-15 18:12:38 | INFO    | apexnet.train | training lstm (seed=43)...
2026-09-15 18:12:39 | INFO    | apexnet.real_data | built 265 race records from real results (min_year=2014)
2026-09-15 18:12:39 | INFO    | apexnet.real_data | RealOvertakeDataset[train]: 159 races (of 265 total, val_frac=0.20, test_frac=0.20)
2026-09-15 18:12:40 | INFO    | apexnet.real_data | built 265 race records from real results (min_year=2014)
2026-09-15 18:12:40 | INFO    | apexnet.real_data | RealOvertakeDataset[val]: 53 races (of 265 total, val_frac=0.20, test_frac=0.20)
2026-09-15 18:12:41 | INFO    | apexnet.real_data | built 265 race records from real results (min_year=2014)
2026-09-15 18:12:41 | INFO    | apexnet.real_data | RealOvertakeDataset[test]: 53 races (of 265 total, val_frac=0.20, test_frac=0.20)
2026-09-15 18:12:41 | INFO    | apexnet.train | lstm     epoch 01 loss=0.6842 acc=0.562 f1=0.000 auc=0.595 (n_eval_pairs=994)
2026-09-15 18:12:42 | INFO    | apexnet.train | lstm     epoch 02 loss=0.6773 acc=0.570 f1=0.053 auc=0.618 (n_eval_pairs=994)
2026-09-15 18:12:42 | INFO    | apexnet.train | lstm     epoch 03 loss=0.6672 acc=0.578 f1=0.305 auc=0.594 (n_eval_pairs=994)
2026-09-15 18:12:43 | INFO    | apexnet.train | lstm     epoch 04 loss=0.6610 acc=0.594 f1=0.384 auc=0.621 (n_eval_pairs=994)
2026-09-15 18:12:45 | INFO    | apexnet.train | lstm     epoch 05 loss=0.6610 acc=0.602 f1=0.349 auc=0.624 (n_eval_pairs=994)
2026-09-15 18:12:45 | INFO    | apexnet.train | lstm     epoch 06 loss=0.6633 acc=0.599 f1=0.376 auc=0.612 (n_eval_pairs=994)
2026-09-15 18:12:46 | INFO    | apexnet.train | lstm     epoch 07 loss=0.6602 acc=0.599 f1=0.336 auc=0.620 (n_eval_pairs=994)
2026-09-15 18:12:47 | INFO    | apexnet.train | lstm     epoch 08 loss=0.6596 acc=0.602 f1=0.407 auc=0.625 (n_eval_pairs=994)
2026-09-15 18:12:49 | INFO    | apexnet.train | lstm     epoch 09 loss=0.6593 acc=0.595 f1=0.327 auc=0.623 (n_eval_pairs=994)
2026-09-15 18:12:50 | INFO    | apexnet.train | lstm     epoch 10 loss=0.6593 acc=0.599 f1=0.355 auc=0.625 (n_eval_pairs=994)
2026-09-15 18:12:52 | INFO    | apexnet.train | lstm     epoch 11 loss=0.6589 acc=0.605 f1=0.377 auc=0.621 (n_eval_pairs=994)
2026-09-15 18:12:53 | INFO    | apexnet.train | lstm     epoch 12 loss=0.6601 acc=0.601 f1=0.352 auc=0.635 (n_eval_pairs=994)
2026-09-15 18:12:55 | INFO    | apexnet.train | lstm     epoch 13 loss=0.6599 acc=0.611 f1=0.400 auc=0.625 (n_eval_pairs=994)
2026-09-15 18:12:56 | INFO    | apexnet.train | lstm     epoch 14 loss=0.6585 acc=0.600 f1=0.370 auc=0.633 (n_eval_pairs=994)
2026-09-15 18:12:58 | INFO    | apexnet.train | lstm     epoch 15 loss=0.6596 acc=0.607 f1=0.378 auc=0.626 (n_eval_pairs=994)
2026-09-15 18:12:59 | INFO    | apexnet.train | lstm     epoch 16 loss=0.6580 acc=0.600 f1=0.345 auc=0.634 (n_eval_pairs=994)
2026-09-15 18:13:01 | INFO    | apexnet.train | lstm     epoch 17 loss=0.6575 acc=0.612 f1=0.389 auc=0.628 (n_eval_pairs=994)
2026-09-15 18:13:04 | INFO    | apexnet.train | lstm     epoch 18 loss=0.6573 acc=0.605 f1=0.367 auc=0.627 (n_eval_pairs=994)
2026-09-15 18:13:05 | INFO    | apexnet.train | lstm     epoch 19 loss=0.6576 acc=0.605 f1=0.373 auc=0.626 (n_eval_pairs=994)
2026-09-15 18:13:07 | INFO    | apexnet.train | lstm     epoch 20 loss=0.6567 acc=0.614 f1=0.406 auc=0.631 (n_eval_pairs=994)
2026-09-15 18:13:07 | INFO    | apexnet.train | lstm early stop at epoch 20
2026-09-15 18:13:07 | INFO    | apexnet.train | training lstm (seed=44)...
2026-09-15 18:13:08 | INFO    | apexnet.real_data | built 265 race records from real results (min_year=2014)
2026-09-15 18:13:08 | INFO    | apexnet.real_data | RealOvertakeDataset[train]: 159 races (of 265 total, val_frac=0.20, test_frac=0.20)
2026-09-15 18:13:09 | INFO    | apexnet.real_data | built 265 race records from real results (min_year=2014)
2026-09-15 18:13:09 | INFO    | apexnet.real_data | RealOvertakeDataset[val]: 53 races (of 265 total, val_frac=0.20, test_frac=0.20)
2026-09-15 18:13:10 | INFO    | apexnet.real_data | built 265 race records from real results (min_year=2014)
2026-09-15 18:13:10 | INFO    | apexnet.real_data | RealOvertakeDataset[test]: 53 races (of 265 total, val_frac=0.20, test_frac=0.20)
2026-09-15 18:13:12 | INFO    | apexnet.train | lstm     epoch 01 loss=0.6840 acc=0.569 f1=0.000 auc=0.582 (n_eval_pairs=995)
2026-09-15 18:13:13 | INFO    | apexnet.train | lstm     epoch 02 loss=0.6813 acc=0.569 f1=0.000 auc=0.584 (n_eval_pairs=995)
2026-09-15 18:13:15 | INFO    | apexnet.train | lstm     epoch 03 loss=0.6727 acc=0.598 f1=0.231 auc=0.622 (n_eval_pairs=995)
2026-09-15 18:13:16 | INFO    | apexnet.train | lstm     epoch 04 loss=0.6593 acc=0.608 f1=0.389 auc=0.623 (n_eval_pairs=995)
2026-09-15 18:13:18 | INFO    | apexnet.train | lstm     epoch 05 loss=0.6565 acc=0.612 f1=0.437 auc=0.626 (n_eval_pairs=995)
2026-09-15 18:13:21 | INFO    | apexnet.train | lstm     epoch 06 loss=0.6570 acc=0.611 f1=0.422 auc=0.625 (n_eval_pairs=995)
2026-09-15 18:13:22 | INFO    | apexnet.train | lstm     epoch 07 loss=0.6554 acc=0.621 f1=0.423 auc=0.628 (n_eval_pairs=995)
2026-09-15 18:13:25 | INFO    | apexnet.train | lstm     epoch 08 loss=0.6523 acc=0.616 f1=0.407 auc=0.622 (n_eval_pairs=995)
2026-09-15 18:13:26 | INFO    | apexnet.train | lstm     epoch 09 loss=0.6524 acc=0.612 f1=0.427 auc=0.621 (n_eval_pairs=995)
2026-09-15 18:13:27 | INFO    | apexnet.train | lstm     epoch 10 loss=0.6526 acc=0.614 f1=0.425 auc=0.622 (n_eval_pairs=995)
2026-09-15 18:13:28 | INFO    | apexnet.train | lstm     epoch 11 loss=0.6523 acc=0.613 f1=0.416 auc=0.625 (n_eval_pairs=995)
2026-09-15 18:13:29 | INFO    | apexnet.train | lstm     epoch 12 loss=0.6520 acc=0.612 f1=0.417 auc=0.618 (n_eval_pairs=995)
2026-09-15 18:13:30 | INFO    | apexnet.train | lstm     epoch 13 loss=0.6518 acc=0.606 f1=0.406 auc=0.622 (n_eval_pairs=995)
2026-09-15 18:13:32 | INFO    | apexnet.train | lstm     epoch 14 loss=0.6534 acc=0.604 f1=0.412 auc=0.623 (n_eval_pairs=995)
2026-09-15 18:13:34 | INFO    | apexnet.train | lstm     epoch 15 loss=0.6512 acc=0.609 f1=0.410 auc=0.619 (n_eval_pairs=995)
2026-09-15 18:13:34 | INFO    | apexnet.train | lstm early stop at epoch 15
2026-09-15 18:13:34 | INFO    | apexnet.train | training cnn_lstm (seed=42)...
2026-09-15 18:13:36 | INFO    | apexnet.real_data | built 265 race records from real results (min_year=2014)
2026-09-15 18:13:36 | INFO    | apexnet.real_data | RealOvertakeDataset[train]: 159 races (of 265 total, val_frac=0.20, test_frac=0.20)
2026-09-15 18:13:38 | INFO    | apexnet.real_data | built 265 race records from real results (min_year=2014)
2026-09-15 18:13:38 | INFO    | apexnet.real_data | RealOvertakeDataset[val]: 53 races (of 265 total, val_frac=0.20, test_frac=0.20)
2026-09-15 18:13:40 | INFO    | apexnet.real_data | built 265 race records from real results (min_year=2014)
2026-09-15 18:13:40 | INFO    | apexnet.real_data | RealOvertakeDataset[test]: 53 races (of 265 total, val_frac=0.20, test_frac=0.20)
2026-09-15 18:13:42 | INFO    | apexnet.train | cnn_lstm epoch 01 loss=0.6845 acc=0.570 f1=0.000 auc=0.549 (n_eval_pairs=993)
2026-09-15 18:13:43 | INFO    | apexnet.train | cnn_lstm epoch 02 loss=0.6745 acc=0.569 f1=0.227 auc=0.579 (n_eval_pairs=993)
2026-09-15 18:13:45 | INFO    | apexnet.train | cnn_lstm epoch 03 loss=0.6623 acc=0.592 f1=0.372 auc=0.625 (n_eval_pairs=993)
2026-09-15 18:13:46 | INFO    | apexnet.train | cnn_lstm epoch 04 loss=0.6561 acc=0.612 f1=0.412 auc=0.632 (n_eval_pairs=993)
2026-09-15 18:13:49 | INFO    | apexnet.train | cnn_lstm epoch 05 loss=0.6552 acc=0.611 f1=0.410 auc=0.635 (n_eval_pairs=993)
2026-09-15 18:13:51 | INFO    | apexnet.train | cnn_lstm epoch 06 loss=0.6545 acc=0.613 f1=0.413 auc=0.635 (n_eval_pairs=993)
